Archive member included to satisfy reference by file (symbol)

c:/program files (x86)/atmel/studio/7.0/toolchain/avr8/avr8-gnu-toolchain/bin/../lib/gcc/avr/5.4.0/avr5\libgcc.a(_exit.o)
                              C:/Program Files (x86)/Atmel/Studio/7.0/Packs/atmel/ATmega_DFP/1.6.364/gcc/dev/atmega32a/avr5/crtatmega32a.o (exit)

Discarded input sections

 .data          0x00000000        0x0 C:/Program Files (x86)/Atmel/Studio/7.0/Packs/atmel/ATmega_DFP/1.6.364/gcc/dev/atmega32a/avr5/crtatmega32a.o
 .bss           0x00000000        0x0 C:/Program Files (x86)/Atmel/Studio/7.0/Packs/atmel/ATmega_DFP/1.6.364/gcc/dev/atmega32a/avr5/crtatmega32a.o
 .text          0x00000000        0x0 APP/SMART_ROOM_APP.o
 .data          0x00000000        0x0 APP/SMART_ROOM_APP.o
 .bss           0x00000000        0x0 APP/SMART_ROOM_APP.o
 .text          0x00000000        0x0 HAL/LED_0/LED_0.o
 .data          0x00000000        0x0 HAL/LED_0/LED_0.o
 .bss           0x00000000        0x0 HAL/LED_0/LED_0.o
 .text.LED_0_ON
                0x00000000        0xa HAL/LED_0/LED_0.o
 .text          0x00000000        0x0 HAL/LED_2/LED_2.o
 .data          0x00000000        0x0 HAL/LED_2/LED_2.o
 .bss           0x00000000        0x0 HAL/LED_2/LED_2.o
 .text.LED_2_ON
                0x00000000        0xa HAL/LED_2/LED_2.o
 .text          0x00000000        0x0 main.o
 .data          0x00000000        0x0 main.o
 .bss           0x00000000        0x0 main.o
 .text          0x00000000        0x0 MCAL/DIO/DIO.o
 .data          0x00000000        0x0 MCAL/DIO/DIO.o
 .bss           0x00000000        0x0 MCAL/DIO/DIO.o
 .text.set      0x00000000       0x68 MCAL/DIO/DIO.o
 .text.get      0x00000000       0x5c MCAL/DIO/DIO.o
 .text          0x00000000        0x0 MCAL/SPI_Slave/SPI.o
 .data          0x00000000        0x0 MCAL/SPI_Slave/SPI.o
 .bss           0x00000000        0x0 MCAL/SPI_Slave/SPI.o
 .text          0x00000000        0x0 SERVICES/SERVICES.o
 .data          0x00000000        0x0 SERVICES/SERVICES.o
 .bss           0x00000000        0x0 SERVICES/SERVICES.o
 .text          0x00000000        0x0 c:/program files (x86)/atmel/studio/7.0/toolchain/avr8/avr8-gnu-toolchain/bin/../lib/gcc/avr/5.4.0/avr5\libgcc.a(_exit.o)
 .data          0x00000000        0x0 c:/program files (x86)/atmel/studio/7.0/toolchain/avr8/avr8-gnu-toolchain/bin/../lib/gcc/avr/5.4.0/avr5\libgcc.a(_exit.o)
 .bss           0x00000000        0x0 c:/program files (x86)/atmel/studio/7.0/toolchain/avr8/avr8-gnu-toolchain/bin/../lib/gcc/avr/5.4.0/avr5\libgcc.a(_exit.o)
 .text.libgcc.mul
                0x00000000        0x0 c:/program files (x86)/atmel/studio/7.0/toolchain/avr8/avr8-gnu-toolchain/bin/../lib/gcc/avr/5.4.0/avr5\libgcc.a(_exit.o)
 .text.libgcc.div
                0x00000000        0x0 c:/program files (x86)/atmel/studio/7.0/toolchain/avr8/avr8-gnu-toolchain/bin/../lib/gcc/avr/5.4.0/avr5\libgcc.a(_exit.o)
 .text.libgcc   0x00000000        0x0 c:/program files (x86)/atmel/studio/7.0/toolchain/avr8/avr8-gnu-toolchain/bin/../lib/gcc/avr/5.4.0/avr5\libgcc.a(_exit.o)
 .text.libgcc.prologue
                0x00000000        0x0 c:/program files (x86)/atmel/studio/7.0/toolchain/avr8/avr8-gnu-toolchain/bin/../lib/gcc/avr/5.4.0/avr5\libgcc.a(_exit.o)
 .text.libgcc.builtins
                0x00000000        0x0 c:/program files (x86)/atmel/studio/7.0/toolchain/avr8/avr8-gnu-toolchain/bin/../lib/gcc/avr/5.4.0/avr5\libgcc.a(_exit.o)
 .text.libgcc.fmul
                0x00000000        0x0 c:/program files (x86)/atmel/studio/7.0/toolchain/avr8/avr8-gnu-toolchain/bin/../lib/gcc/avr/5.4.0/avr5\libgcc.a(_exit.o)
 .text.libgcc.fixed
                0x00000000        0x0 c:/program files (x86)/atmel/studio/7.0/toolchain/avr8/avr8-gnu-toolchain/bin/../lib/gcc/avr/5.4.0/avr5\libgcc.a(_exit.o)

Memory Configuration

Name             Origin             Length             Attributes
text             0x00000000         0x00008000         xr
data             0x00800060         0x00000800         rw !x
eeprom           0x00810000         0x00000400         rw !x
fuse             0x00820000         0x00000002         rw !x
lock             0x00830000         0x00000400         rw !x
signature        0x00840000         0x00000400         rw !x
user_signatures  0x00850000         0x00000400         rw !x
*default*        0x00000000         0xffffffff

Linker script and memory map

LOAD C:/Program Files (x86)/Atmel/Studio/7.0/Packs/atmel/ATmega_DFP/1.6.364/gcc/dev/atmega32a/avr5/crtatmega32a.o
LOAD APP/SMART_ROOM_APP.o
LOAD HAL/LED_0/LED_0.o
LOAD HAL/LED_2/LED_2.o
LOAD main.o
LOAD MCAL/DIO/DIO.o
LOAD MCAL/SPI_Slave/SPI.o
LOAD SERVICES/SERVICES.o
START GROUP
LOAD c:/program files (x86)/atmel/studio/7.0/toolchain/avr8/avr8-gnu-toolchain/bin/../lib/gcc/avr/5.4.0/../../../../avr/lib/avr5\libm.a
END GROUP
START GROUP
LOAD c:/program files (x86)/atmel/studio/7.0/toolchain/avr8/avr8-gnu-toolchain/bin/../lib/gcc/avr/5.4.0/avr5\libgcc.a
LOAD c:/program files (x86)/atmel/studio/7.0/toolchain/avr8/avr8-gnu-toolchain/bin/../lib/gcc/avr/5.4.0/../../../../avr/lib/avr5\libm.a
LOAD c:/program files (x86)/atmel/studio/7.0/toolchain/avr8/avr8-gnu-toolchain/bin/../lib/gcc/avr/5.4.0/../../../../avr/lib/avr5\libc.a
LOAD C:/Program Files (x86)/Atmel/Studio/7.0/Packs/atmel/ATmega_DFP/1.6.364/gcc/dev/atmega32a/avr5\libatmega32a.a
END GROUP
                [0x00000000]                __TEXT_REGION_ORIGIN__ = DEFINED (__TEXT_REGION_ORIGIN__)?__TEXT_REGION_ORIGIN__:0x0
                [0x00800060]                __DATA_REGION_ORIGIN__ = DEFINED (__DATA_REGION_ORIGIN__)?__DATA_REGION_ORIGIN__:0x800060
                [0x00008000]                __TEXT_REGION_LENGTH__ = DEFINED (__TEXT_REGION_LENGTH__)?__TEXT_REGION_LENGTH__:0x20000
                [0x00000800]                __DATA_REGION_LENGTH__ = DEFINED (__DATA_REGION_LENGTH__)?__DATA_REGION_LENGTH__:0xffa0
                [0x00000400]                __EEPROM_REGION_LENGTH__ = DEFINED (__EEPROM_REGION_LENGTH__)?__EEPROM_REGION_LENGTH__:0x10000
                [0x00000002]                __FUSE_REGION_LENGTH__ = DEFINED (__FUSE_REGION_LENGTH__)?__FUSE_REGION_LENGTH__:0x400
                0x00000400                __LOCK_REGION_LENGTH__ = DEFINED (__LOCK_REGION_LENGTH__)?__LOCK_REGION_LENGTH__:0x400
                0x00000400                __SIGNATURE_REGION_LENGTH__ = DEFINED (__SIGNATURE_REGION_LENGTH__)?__SIGNATURE_REGION_LENGTH__:0x400
                0x00000400                __USER_SIGNATURE_REGION_LENGTH__ = DEFINED (__USER_SIGNATURE_REGION_LENGTH__)?__USER_SIGNATURE_REGION_LENGTH__:0x400

.hash
 *(.hash)

.dynsym
 *(.dynsym)

.dynstr
 *(.dynstr)

.gnu.version
 *(.gnu.version)

.gnu.version_d
 *(.gnu.version_d)

.gnu.version_r
 *(.gnu.version_r)

.rel.init
 *(.rel.init)

.rela.init
 *(.rela.init)

.rel.text
 *(.rel.text)
 *(.rel.text.*)
 *(.rel.gnu.linkonce.t*)

.rela.text
 *(.rela.text)
 *(.rela.text.*)
 *(.rela.gnu.linkonce.t*)

.rel.fini
 *(.rel.fini)

.rela.fini
 *(.rela.fini)

.rel.rodata
 *(.rel.rodata)
 *(.rel.rodata.*)
 *(.rel.gnu.linkonce.r*)

.rela.rodata
 *(.rela.rodata)
 *(.rela.rodata.*)
 *(.rela.gnu.linkonce.r*)

.rel.data
 *(.rel.data)
 *(.rel.data.*)
 *(.rel.gnu.linkonce.d*)

.rela.data
 *(.rela.data)
 *(.rela.data.*)
 *(.rela.gnu.linkonce.d*)

.rel.ctors
 *(.rel.ctors)

.rela.ctors
 *(.rela.ctors)

.rel.dtors
 *(.rel.dtors)

.rela.dtors
 *(.rela.dtors)

.rel.got
 *(.rel.got)

.rela.got
 *(.rela.got)

.rel.bss
 *(.rel.bss)

.rela.bss
 *(.rela.bss)

.rel.plt
 *(.rel.plt)

.rela.plt
 *(.rela.plt)

.text           0x00000000      0x34e
 *(.vectors)
 .vectors       0x00000000       0x54 C:/Program Files (x86)/Atmel/Studio/7.0/Packs/atmel/ATmega_DFP/1.6.364/gcc/dev/atmega32a/avr5/crtatmega32a.o
                0x00000000                __vector_default
                0x00000000                __vectors
 *(.vectors)
 *(.progmem.gcc*)
                0x00000054                . = ALIGN (0x2)
                0x00000054                __trampolines_start = .
 *(.trampolines)
 .trampolines   0x00000054        0x0 linker stubs
 *(.trampolines*)
                0x00000054                __trampolines_end = .
 *libprintf_flt.a:*(.progmem.data)
 *libc.a:*(.progmem.data)
 *(.progmem*)
                0x00000054                . = ALIGN (0x2)
 *(.jumptables)
 *(.jumptables*)
 *(.lowtext)
 *(.lowtext*)
                0x00000054                __ctors_start = .
 *(.ctors)
                0x00000054                __ctors_end = .
                0x00000054                __dtors_start = .
 *(.dtors)
                0x00000054                __dtors_end = .
 SORT(*)(.ctors)
 SORT(*)(.dtors)
 *(.init0)
 .init0         0x00000054        0x0 C:/Program Files (x86)/Atmel/Studio/7.0/Packs/atmel/ATmega_DFP/1.6.364/gcc/dev/atmega32a/avr5/crtatmega32a.o
                0x00000054                __init
 *(.init0)
 *(.init1)
 *(.init1)
 *(.init2)
 .init2         0x00000054        0xc C:/Program Files (x86)/Atmel/Studio/7.0/Packs/atmel/ATmega_DFP/1.6.364/gcc/dev/atmega32a/avr5/crtatmega32a.o
 *(.init2)
 *(.init3)
 *(.init3)
 *(.init4)
 *(.init4)
 *(.init5)
 *(.init5)
 *(.init6)
 *(.init6)
 *(.init7)
 *(.init7)
 *(.init8)
 *(.init8)
 *(.init9)
 .init9         0x00000060        0x8 C:/Program Files (x86)/Atmel/Studio/7.0/Packs/atmel/ATmega_DFP/1.6.364/gcc/dev/atmega32a/avr5/crtatmega32a.o
 *(.init9)
 *(.text)
 .text          0x00000068        0x4 C:/Program Files (x86)/Atmel/Studio/7.0/Packs/atmel/ATmega_DFP/1.6.364/gcc/dev/atmega32a/avr5/crtatmega32a.o
                0x00000068                __vector_1
                0x00000068                __bad_interrupt
                0x00000068                __vector_6
                0x00000068                __vector_3
                0x00000068                __vector_11
                0x00000068                __vector_13
                0x00000068                __vector_17
                0x00000068                __vector_19
                0x00000068                __vector_7
                0x00000068                __vector_5
                0x00000068                __vector_4
                0x00000068                __vector_9
                0x00000068                __vector_2
                0x00000068                __vector_15
                0x00000068                __vector_8
                0x00000068                __vector_14
                0x00000068                __vector_10
                0x00000068                __vector_16
                0x00000068                __vector_18
                0x00000068                __vector_20
                0x0000006c                . = ALIGN (0x2)
 *(.text.*)
 .text.SMART_ROOM_APP_Start
                0x0000006c        0x6 APP/SMART_ROOM_APP.o
                0x0000006c                SMART_ROOM_APP_Start
 .text.LED_0_Init
                0x00000072        0xc HAL/LED_0/LED_0.o
                0x00000072                LED_0_Init
 .text.LED_0_OFF
                0x0000007e        0xa HAL/LED_0/LED_0.o
                0x0000007e                LED_0_OFF
 .text.LED_0_TGL
                0x00000088        0xa HAL/LED_0/LED_0.o
                0x00000088                LED_0_TGL
 .text.LED_2_Init
                0x00000092        0xc HAL/LED_2/LED_2.o
                0x00000092                LED_2_Init
 .text.LED_2_OFF
                0x0000009e        0xa HAL/LED_2/LED_2.o
                0x0000009e                LED_2_OFF
 .text.LED_2_TGL
                0x000000a8        0xa HAL/LED_2/LED_2.o
                0x000000a8                LED_2_TGL
 .text.main     0x000000b2        0xa main.o
                0x000000b2                main
 .text.set_dir  0x000000bc       0xe2 MCAL/DIO/DIO.o
                0x000000bc                set_dir
 .text.clr      0x0000019e       0x70 MCAL/DIO/DIO.o
                0x0000019e                clr
 .text.tgl      0x0000020e       0x68 MCAL/DIO/DIO.o
                0x0000020e                tgl
 .text.SPI_S_Init
                0x00000276       0x60 MCAL/SPI_Slave/SPI.o
                0x00000276                SPI_S_Init
 .text.__vector_12
                0x000002d6       0x66 MCAL/SPI_Slave/SPI.o
                0x000002d6                __vector_12
 .text.SMART_ROOM_APP_Init
                0x0000033c        0xe SERVICES/SERVICES.o
                0x0000033c                SMART_ROOM_APP_Init
                0x0000034a                . = ALIGN (0x2)
 *(.fini9)
 .fini9         0x0000034a        0x0 c:/program files (x86)/atmel/studio/7.0/toolchain/avr8/avr8-gnu-toolchain/bin/../lib/gcc/avr/5.4.0/avr5\libgcc.a(_exit.o)
                0x0000034a                _exit
                0x0000034a                exit
 *(.fini9)
 *(.fini8)
 *(.fini8)
 *(.fini7)
 *(.fini7)
 *(.fini6)
 *(.fini6)
 *(.fini5)
 *(.fini5)
 *(.fini4)
 *(.fini4)
 *(.fini3)
 *(.fini3)
 *(.fini2)
 *(.fini2)
 *(.fini1)
 *(.fini1)
 *(.fini0)
 .fini0         0x0000034a        0x4 c:/program files (x86)/atmel/studio/7.0/toolchain/avr8/avr8-gnu-toolchain/bin/../lib/gcc/avr/5.4.0/avr5\libgcc.a(_exit.o)
 *(.fini0)
                0x0000034e                _etext = .

.data           0x00800060        0x0 load address 0x0000034e
                [!provide]                PROVIDE (__data_start, .)
 *(.data)
 *(.data*)
 *(.gnu.linkonce.d*)
 *(.rodata)
 *(.rodata*)
 *(.gnu.linkonce.r*)
                0x00800060                . = ALIGN (0x2)
                0x00800060                _edata = .
                [!provide]                PROVIDE (__data_end, .)

.bss            0x00800060        0x0
                [!provide]                PROVIDE (__bss_start, .)
 *(.bss)
 *(.bss*)
 *(COMMON)
                [!provide]                PROVIDE (__bss_end, .)
                0x0000034e                __data_load_start = LOADADDR (.data)
                0x0000034e                __data_load_end = (__data_load_start + SIZEOF (.data))

.noinit         0x00800060        0x0
                [!provide]                PROVIDE (__noinit_start, .)
 *(.noinit*)
                [!provide]                PROVIDE (__noinit_end, .)
                0x00800060                _end = .
                [!provide]                PROVIDE (__heap_start, .)

.eeprom         0x00810000        0x0
 *(.eeprom*)
                0x00810000                __eeprom_end = .

.fuse
 *(.fuse)
 *(.lfuse)
 *(.hfuse)
 *(.efuse)

.lock
 *(.lock*)

.signature
 *(.signature*)

.user_signatures
 *(.user_signatures*)

.stab
 *(.stab)

.stabstr
 *(.stabstr)

.stab.excl
 *(.stab.excl)

.stab.exclstr
 *(.stab.exclstr)

.stab.index
 *(.stab.index)

.stab.indexstr
 *(.stab.indexstr)

.comment        0x00000000       0x30
 *(.comment)
 .comment       0x00000000       0x30 APP/SMART_ROOM_APP.o
                                 0x31 (size before relaxing)
 .comment       0x00000030       0x31 HAL/LED_0/LED_0.o
 .comment       0x00000030       0x31 HAL/LED_2/LED_2.o
 .comment       0x00000030       0x31 main.o
 .comment       0x00000030       0x31 MCAL/DIO/DIO.o
 .comment       0x00000030       0x31 MCAL/SPI_Slave/SPI.o
 .comment       0x00000030       0x31 SERVICES/SERVICES.o

.note.gnu.avr.deviceinfo
                0x00000000       0x3c
 .note.gnu.avr.deviceinfo
                0x00000000       0x3c C:/Program Files (x86)/Atmel/Studio/7.0/Packs/atmel/ATmega_DFP/1.6.364/gcc/dev/atmega32a/avr5/crtatmega32a.o

.note.gnu.build-id
 *(.note.gnu.build-id)

.debug
 *(.debug)

.line
 *(.line)

.debug_srcinfo
 *(.debug_srcinfo)

.debug_sfnames
 *(.debug_sfnames)

.debug_aranges  0x00000000      0x138
 *(.debug_aranges)
 .debug_aranges
                0x00000000       0x20 APP/SMART_ROOM_APP.o
 .debug_aranges
                0x00000020       0x38 HAL/LED_0/LED_0.o
 .debug_aranges
                0x00000058       0x38 HAL/LED_2/LED_2.o
 .debug_aranges
                0x00000090       0x20 main.o
 .debug_aranges
                0x000000b0       0x40 MCAL/DIO/DIO.o
 .debug_aranges
                0x000000f0       0x28 MCAL/SPI_Slave/SPI.o
 .debug_aranges
                0x00000118       0x20 SERVICES/SERVICES.o

.debug_pubnames
 *(.debug_pubnames)

.debug_info     0x00000000      0xe10
 *(.debug_info .gnu.linkonce.wi.*)
 .debug_info    0x00000000      0x4e6 C:/Program Files (x86)/Atmel/Studio/7.0/Packs/atmel/ATmega_DFP/1.6.364/gcc/dev/atmega32a/avr5/crtatmega32a.o
 .debug_info    0x000004e6       0x94 APP/SMART_ROOM_APP.o
 .debug_info    0x0000057a      0x1d2 HAL/LED_0/LED_0.o
 .debug_info    0x0000074c      0x1d2 HAL/LED_2/LED_2.o
 .debug_info    0x0000091e       0x66 main.o
 .debug_info    0x00000984      0x1cb MCAL/DIO/DIO.o
 .debug_info    0x00000b4f      0x202 MCAL/SPI_Slave/SPI.o
 .debug_info    0x00000d51       0xbf SERVICES/SERVICES.o

.debug_abbrev   0x00000000      0x88a
 *(.debug_abbrev)
 .debug_abbrev  0x00000000      0x4a3 C:/Program Files (x86)/Atmel/Studio/7.0/Packs/atmel/ATmega_DFP/1.6.364/gcc/dev/atmega32a/avr5/crtatmega32a.o
 .debug_abbrev  0x000004a3       0x66 APP/SMART_ROOM_APP.o
 .debug_abbrev  0x00000509       0x99 HAL/LED_0/LED_0.o
 .debug_abbrev  0x000005a2       0x99 HAL/LED_2/LED_2.o
 .debug_abbrev  0x0000063b       0x5a main.o
 .debug_abbrev  0x00000695       0xbd MCAL/DIO/DIO.o
 .debug_abbrev  0x00000752       0xd5 MCAL/SPI_Slave/SPI.o
 .debug_abbrev  0x00000827       0x63 SERVICES/SERVICES.o

.debug_line     0x00000000      0x785
 *(.debug_line .debug_line.* .debug_line_end)
 .debug_line    0x00000000      0x116 C:/Program Files (x86)/Atmel/Studio/7.0/Packs/atmel/ATmega_DFP/1.6.364/gcc/dev/atmega32a/avr5/crtatmega32a.o
 .debug_line    0x00000116       0x65 APP/SMART_ROOM_APP.o
 .debug_line    0x0000017b       0xaf HAL/LED_0/LED_0.o
 .debug_line    0x0000022a       0xaf HAL/LED_2/LED_2.o
 .debug_line    0x000002d9       0x60 main.o
 .debug_line    0x00000339      0x21a MCAL/DIO/DIO.o
 .debug_line    0x00000553      0x191 MCAL/SPI_Slave/SPI.o
 .debug_line    0x000006e4       0xa1 SERVICES/SERVICES.o

.debug_frame    0x00000000      0x1f4
 *(.debug_frame)
 .debug_frame   0x00000000       0x24 APP/SMART_ROOM_APP.o
 .debug_frame   0x00000024       0x54 HAL/LED_0/LED_0.o
 .debug_frame   0x00000078       0x54 HAL/LED_2/LED_2.o
 .debug_frame   0x000000cc       0x24 main.o
 .debug_frame   0x000000f0       0x64 MCAL/DIO/DIO.o
 .debug_frame   0x00000154       0x7c MCAL/SPI_Slave/SPI.o
 .debug_frame   0x000001d0       0x24 SERVICES/SERVICES.o

.debug_str      0x00000000      0x466
 *(.debug_str)
 .debug_str     0x00000000      0x196 C:/Program Files (x86)/Atmel/Studio/7.0/Packs/atmel/ATmega_DFP/1.6.364/gcc/dev/atmega32a/avr5/crtatmega32a.o
 .debug_str     0x00000196      0x17a APP/SMART_ROOM_APP.o
                                0x1ae (size before relaxing)
 .debug_str     0x00000310       0x9e HAL/LED_0/LED_0.o
                                0x20b (size before relaxing)
 .debug_str     0x000003ae       0x3d HAL/LED_2/LED_2.o
                                0x20b (size before relaxing)
 .debug_str     0x000003eb       0x11 main.o
                                0x12c (size before relaxing)
 .debug_str     0x000003fc       0x1f MCAL/DIO/DIO.o
                                0x1bd (size before relaxing)
 .debug_str     0x0000041b       0x34 MCAL/SPI_Slave/SPI.o
                                0x232 (size before relaxing)
 .debug_str     0x0000044f       0x17 SERVICES/SERVICES.o
                                0x1b9 (size before relaxing)

.debug_loc      0x00000000      0x38d
 *(.debug_loc)
 .debug_loc     0x00000000      0x299 MCAL/DIO/DIO.o
 .debug_loc     0x00000299       0xf4 MCAL/SPI_Slave/SPI.o

.debug_macinfo
 *(.debug_macinfo)

.debug_weaknames
 *(.debug_weaknames)

.debug_funcnames
 *(.debug_funcnames)

.debug_typenames
 *(.debug_typenames)

.debug_varnames
 *(.debug_varnames)

.debug_pubtypes
 *(.debug_pubtypes)

.debug_ranges   0x00000000       0xc8
 *(.debug_ranges)
 .debug_ranges  0x00000000       0x10 APP/SMART_ROOM_APP.o
 .debug_ranges  0x00000010       0x28 HAL/LED_0/LED_0.o
 .debug_ranges  0x00000038       0x28 HAL/LED_2/LED_2.o
 .debug_ranges  0x00000060       0x10 main.o
 .debug_ranges  0x00000070       0x30 MCAL/DIO/DIO.o
 .debug_ranges  0x000000a0       0x18 MCAL/SPI_Slave/SPI.o
 .debug_ranges  0x000000b8       0x10 SERVICES/SERVICES.o

.debug_macro
 *(.debug_macro)
OUTPUT(Smart Home Slave.elf elf32-avr)
LOAD linker stubs
